../Core/Src/hydrolib_ring_queue.c:6:6:hydrolib_RingQueue_Init	0	static
../Core/Src/hydrolib_ring_queue.c:15:6:hydrolib_RingQueue_Clear	0	static
../Core/Src/hydrolib_ring_queue.c:22:21:hydrolib_RingQueue_Drop	0	static
../Core/Src/hydrolib_ring_queue.c:33:21:hydrolib_RingQueue_PushByte	8	static
../Core/Src/hydrolib_ring_queue.c:47:21:hydrolib_RingQueue_Push	24	static
../Core/Src/hydrolib_ring_queue.c:70:21:hydrolib_RingQueue_PullByte	8	static
../Core/Src/hydrolib_ring_queue.c:84:21:hydrolib_RingQueue_Pull	24	static
../Core/Src/hydrolib_ring_queue.c:107:21:hydrolib_RingQueue_ReadByte	0	static
../Core/Src/hydrolib_ring_queue.c:120:21:hydrolib_RingQueue_Read2BytesLE	0	static
../Core/Src/hydrolib_ring_queue.c:169:21:hydrolib_RingQueue_Read4BytesLE	4	static
../Core/Src/hydrolib_ring_queue.c:206:21:hydrolib_RingQueue_Read	24	static
../Core/Src/hydrolib_ring_queue.c:233:10:hydrolib_RingQueue_FindByte	12	static
../Core/Src/hydrolib_ring_queue.c:246:10:hydrolib_RingQueue_Find4BytesLE	28	static
../Core/Src/hydrolib_ring_queue.c:276:10:hydrolib_RingQueue_GetLength	0	static
../Core/Src/hydrolib_ring_queue.c:281:6:hydrolib_RingQueue_IsEmpty	0	static
../Core/Src/hydrolib_ring_queue.c:286:6:hydrolib_RingQueue_IsFull	0	static
