../Core/myCode/hydrolib_ring_queue.c:5:6:hydrolib_RingQueue_Init	0	static
../Core/myCode/hydrolib_ring_queue.c:14:6:hydrolib_RingQueue_Clear	0	static
../Core/myCode/hydrolib_ring_queue.c:21:21:hydrolib_RingQueue_Drop	0	static
../Core/myCode/hydrolib_ring_queue.c:32:21:hydrolib_RingQueue_PushByte	8	static
../Core/myCode/hydrolib_ring_queue.c:46:21:hydrolib_RingQueue_Push	24	static
../Core/myCode/hydrolib_ring_queue.c:69:21:hydrolib_RingQueue_PullByte	8	static
../Core/myCode/hydrolib_ring_queue.c:83:21:hydrolib_RingQueue_Pull	24	static
../Core/myCode/hydrolib_ring_queue.c:106:21:hydrolib_RingQueue_ReadByte	0	static
../Core/myCode/hydrolib_ring_queue.c:119:21:hydrolib_RingQueue_Read2BytesLE	0	static
../Core/myCode/hydrolib_ring_queue.c:139:21:hydrolib_RingQueue_Read4BytesLE	4	static
../Core/myCode/hydrolib_ring_queue.c:167:21:hydrolib_RingQueue_Read	24	static
../Core/myCode/hydrolib_ring_queue.c:195:10:hydrolib_RingQueue_FindByte	12	static
../Core/myCode/hydrolib_ring_queue.c:208:10:hydrolib_RingQueue_Find2BytesLE	16	static
../Core/myCode/hydrolib_ring_queue.c:230:10:hydrolib_RingQueue_Find4BytesLE	28	static
../Core/myCode/hydrolib_ring_queue.c:260:10:hydrolib_RingQueue_GetLength	0	static
../Core/myCode/hydrolib_ring_queue.c:265:10:hydrolib_RingQueue_GetCapacity	0	static
../Core/myCode/hydrolib_ring_queue.c:270:6:hydrolib_RingQueue_IsEmpty	0	static
../Core/myCode/hydrolib_ring_queue.c:275:6:hydrolib_RingQueue_IsFull	0	static
